ca65 V2.19 - Git 547d92358
Main file   : HelloWorld.c.82033.0.s
Current file: HelloWorld.c.82033.0.s

000000r 1               ;
000000r 1               ; File generated by cc65 v 2.19 - Git 547d92358
000000r 1               ;
000000r 1               	.fopt		compiler,"cc65 v 2.19 - Git 547d92358"
000000r 1               	.setcpu		"65C02"
000000r 1               	.smart		on
000000r 1               	.autoimport	on
000000r 1               	.case		on
000000r 1               	.debuginfo	off
000000r 1               	.importzp	c_sp, sreg, regsave, regbank
000000r 1               	.importzp	tmp1, tmp2, tmp3, tmp4, ptr1, ptr2, ptr3, ptr4
000000r 1               	.macpack	longbranch
000000r 2               .macro  jeq     Target
000000r 2                       .if     .match(Target, 0)
000000r 2                       bne     *+5
000000r 2                       jmp     Target
000000r 2                       .elseif .def(Target) .and .const((*-2)-(Target)) .and ((*+2)-(Target) <= 127)
000000r 2                               beq     Target
000000r 2                       .else
000000r 2                               bne     *+5
000000r 2                               jmp     Target
000000r 2                       .endif
000000r 2               .endmacro
000000r 2               .macro  jne     Target
000000r 2                       .if     .match(Target, 0)
000000r 2                               beq     *+5
000000r 2                               jmp     Target
000000r 2                       .elseif .def(Target) .and .const((*-2)-(Target)) .and ((*+2)-(Target) <= 127)
000000r 2                               bne     Target
000000r 2                       .else
000000r 2                               beq     *+5
000000r 2                               jmp     Target
000000r 2                       .endif
000000r 2               .endmacro
000000r 2               .macro  jmi     Target
000000r 2                       .if     .match(Target, 0)
000000r 2                               bpl     *+5
000000r 2                               jmp     Target
000000r 2                       .elseif .def(Target) .and .const((*-2)-(Target)) .and ((*+2)-(Target) <= 127)
000000r 2                               bmi     Target
000000r 2                       .else
000000r 2                               bpl     *+5
000000r 2                               jmp     Target
000000r 2                       .endif
000000r 2               .endmacro
000000r 2               .macro  jpl     Target
000000r 2                       .if     .match(Target, 0)
000000r 2                               bmi     *+5
000000r 2                               jmp     Target
000000r 2                       .elseif .def(Target) .and .const((*-2)-(Target)) .and ((*+2)-(Target) <= 127)
000000r 2                               bpl     Target
000000r 2                       .else
000000r 2                               bmi     *+5
000000r 2                               jmp     Target
000000r 2                       .endif
000000r 2               .endmacro
000000r 2               .macro  jcs     Target
000000r 2                       .if     .match(Target, 0)
000000r 2                               bcc     *+5
000000r 2                               jmp     Target
000000r 2                       .elseif .def(Target) .and .const((*-2)-(Target)) .and ((*+2)-(Target) <= 127)
000000r 2                               bcs     Target
000000r 2                       .else
000000r 2                               bcc     *+5
000000r 2                               jmp     Target
000000r 2                       .endif
000000r 2               .endmacro
000000r 2               .macro  jcc     Target
000000r 2                       .if     .match(Target, 0)
000000r 2                               bcs     *+5
000000r 2                               jmp     Target
000000r 2                       .elseif .def(Target) .and .const((*-2)-(Target)) .and ((*+2)-(Target) <= 127)
000000r 2                               bcc     Target
000000r 2                       .else
000000r 2                               bcs     *+5
000000r 2                               jmp     Target
000000r 2                       .endif
000000r 2               .endmacro
000000r 2               .macro  jvs     Target
000000r 2                       .if     .match(Target, 0)
000000r 2                               bvc     *+5
000000r 2                               jmp     Target
000000r 2                       .elseif .def(Target) .and .const((*-2)-(Target)) .and ((*+2)-(Target) <= 127)
000000r 2                               bvs     Target
000000r 2                       .else
000000r 2                               bvc     *+5
000000r 2                               jmp     Target
000000r 2                       .endif
000000r 2               .endmacro
000000r 2               .macro  jvc     Target
000000r 2                       .if     .match(Target, 0)
000000r 2                               bvs     *+5
000000r 2                               jmp     Target
000000r 2                       .elseif .def(Target) .and .const((*-2)-(Target)) .and ((*+2)-(Target) <= 127)
000000r 2                               bvc     Target
000000r 2                       .else
000000r 2                               bvs     *+5
000000r 2                               jmp     Target
000000r 2                       .endif
000000r 2               .endmacro
000000r 2               
000000r 1               	.forceimport	__STARTUP__
000000r 1               	.import		_printf
000000r 1               	.import		_VideoSetColor
000000r 1               	.import		_KernalVersion
000000r 1               	.import		_PrintStr
000000r 1               	.import		_PrintCRLF
000000r 1               	.export		_main
000000r 1               
000000r 1               .segment	"RODATA"
000000r 1               
000000r 1               S0002:
000000r 1  63 63 36 35  	.byte	$63,$63,$36,$35,$20,$6F,$6E,$20,$41,$43,$36,$35,$30,$32,$2C,$20
000004r 1  20 6F 6E 20  
000008r 1  41 43 36 35  
000010r 1  42 49 4F 53  	.byte	$42,$49,$4F,$53,$20,$76,$25,$75,$2E,$25,$75,$0A,$00
000014r 1  20 76 25 75  
000018r 1  2E 25 75 0A  
00001Dr 1               S0001:
00001Dr 1  48 65 6C 6C  	.byte	$48,$65,$6C,$6C,$6F,$2C,$20,$57,$6F,$72,$6C,$64,$21,$00
000021r 1  6F 2C 20 57  
000025r 1  6F 72 6C 64  
00002Br 1               
00002Br 1               ; ---------------------------------------------------------------
00002Br 1               ; int __near__ main (void)
00002Br 1               ; ---------------------------------------------------------------
00002Br 1               
00002Br 1               .segment	"CODE"
000000r 1               
000000r 1               .proc	_main: near
000000r 1               
000000r 1               .segment	"CODE"
000000r 1               
000000r 1  20 rr rr     	jsr     _KernalVersion
000003r 1  20 rr rr     	jsr     pushax
000006r 1  AD 0D 03     	lda     $030D
000009r 1  29 80        	and     #$80
00000Br 1  F0 05        	beq     L0002
00000Dr 1  A9 31        	lda     #$31
00000Fr 1  20 rr rr     	jsr     _VideoSetColor
000012r 1  20 rr rr     L0002:	jsr     _PrintCRLF
000015r 1  A9 rr        	lda     #<(S0001)
000017r 1  A2 rr        	ldx     #>(S0001)
000019r 1  20 rr rr     	jsr     _PrintStr
00001Cr 1  20 rr rr     	jsr     _PrintCRLF
00001Fr 1  A9 rr        	lda     #<(S0002)
000021r 1  A2 rr        	ldx     #>(S0002)
000023r 1  20 rr rr     	jsr     pushax
000026r 1  A0 02        	ldy     #$02
000028r 1  B1 rr        	lda     (c_sp),y
00002Ar 1  20 rr rr     	jsr     pusha0
00002Dr 1  A0 05        	ldy     #$05
00002Fr 1  B1 rr        	lda     (c_sp),y
000031r 1  20 rr rr     	jsr     pusha0
000034r 1  A0 06        	ldy     #$06
000036r 1  20 rr rr     	jsr     _printf
000039r 1  A2 00        	ldx     #$00
00003Br 1  8A           	txa
00003Cr 1  60           	rts
00003Dr 1               
00003Dr 1               .endproc
00003Dr 1               
00003Dr 1               
