ca65 V2.19 - Git 547d92358
Main file   : HelloWorldCart.c.39025.0.s
Current file: HelloWorldCart.c.39025.0.s

000000r 1               ;
000000r 1               ; File generated by cc65 v 2.19 - Git 547d92358
000000r 1               ;
000000r 1               	.fopt		compiler,"cc65 v 2.19 - Git 547d92358"
000000r 1               	.setcpu		"65C02"
000000r 1               	.smart		on
000000r 1               	.autoimport	on
000000r 1               	.case		on
000000r 1               	.debuginfo	off
000000r 1               	.importzp	c_sp, sreg, regsave, regbank
000000r 1               	.importzp	tmp1, tmp2, tmp3, tmp4, ptr1, ptr2, ptr3, ptr4
000000r 1               	.macpack	longbranch
000000r 2               .macro  jeq     Target
000000r 2                       .if     .match(Target, 0)
000000r 2                       bne     *+5
000000r 2                       jmp     Target
000000r 2                       .elseif .def(Target) .and .const((*-2)-(Target)) .and ((*+2)-(Target) <= 127)
000000r 2                               beq     Target
000000r 2                       .else
000000r 2                               bne     *+5
000000r 2                               jmp     Target
000000r 2                       .endif
000000r 2               .endmacro
000000r 2               .macro  jne     Target
000000r 2                       .if     .match(Target, 0)
000000r 2                               beq     *+5
000000r 2                               jmp     Target
000000r 2                       .elseif .def(Target) .and .const((*-2)-(Target)) .and ((*+2)-(Target) <= 127)
000000r 2                               bne     Target
000000r 2                       .else
000000r 2                               beq     *+5
000000r 2                               jmp     Target
000000r 2                       .endif
000000r 2               .endmacro
000000r 2               .macro  jmi     Target
000000r 2                       .if     .match(Target, 0)
000000r 2                               bpl     *+5
000000r 2                               jmp     Target
000000r 2                       .elseif .def(Target) .and .const((*-2)-(Target)) .and ((*+2)-(Target) <= 127)
000000r 2                               bmi     Target
000000r 2                       .else
000000r 2                               bpl     *+5
000000r 2                               jmp     Target
000000r 2                       .endif
000000r 2               .endmacro
000000r 2               .macro  jpl     Target
000000r 2                       .if     .match(Target, 0)
000000r 2                               bmi     *+5
000000r 2                               jmp     Target
000000r 2                       .elseif .def(Target) .and .const((*-2)-(Target)) .and ((*+2)-(Target) <= 127)
000000r 2                               bpl     Target
000000r 2                       .else
000000r 2                               bmi     *+5
000000r 2                               jmp     Target
000000r 2                       .endif
000000r 2               .endmacro
000000r 2               .macro  jcs     Target
000000r 2                       .if     .match(Target, 0)
000000r 2                               bcc     *+5
000000r 2                               jmp     Target
000000r 2                       .elseif .def(Target) .and .const((*-2)-(Target)) .and ((*+2)-(Target) <= 127)
000000r 2                               bcs     Target
000000r 2                       .else
000000r 2                               bcc     *+5
000000r 2                               jmp     Target
000000r 2                       .endif
000000r 2               .endmacro
000000r 2               .macro  jcc     Target
000000r 2                       .if     .match(Target, 0)
000000r 2                               bcs     *+5
000000r 2                               jmp     Target
000000r 2                       .elseif .def(Target) .and .const((*-2)-(Target)) .and ((*+2)-(Target) <= 127)
000000r 2                               bcc     Target
000000r 2                       .else
000000r 2                               bcs     *+5
000000r 2                               jmp     Target
000000r 2                       .endif
000000r 2               .endmacro
000000r 2               .macro  jvs     Target
000000r 2                       .if     .match(Target, 0)
000000r 2                               bvc     *+5
000000r 2                               jmp     Target
000000r 2                       .elseif .def(Target) .and .const((*-2)-(Target)) .and ((*+2)-(Target) <= 127)
000000r 2                               bvs     Target
000000r 2                       .else
000000r 2                               bvc     *+5
000000r 2                               jmp     Target
000000r 2                       .endif
000000r 2               .endmacro
000000r 2               .macro  jvc     Target
000000r 2                       .if     .match(Target, 0)
000000r 2                               bvs     *+5
000000r 2                               jmp     Target
000000r 2                       .elseif .def(Target) .and .const((*-2)-(Target)) .and ((*+2)-(Target) <= 127)
000000r 2                               bvc     Target
000000r 2                       .else
000000r 2                               bvs     *+5
000000r 2                               jmp     Target
000000r 2                       .endif
000000r 2               .endmacro
000000r 2               
000000r 1               	.forceimport	__STARTUP__
000000r 1               	.import		_printf
000000r 1               	.import		_VideoClear
000000r 1               	.import		_VideoSetColor
000000r 1               	.import		_KernalVersion
000000r 1               	.import		_PrintStr
000000r 1               	.import		_PrintCRLF
000000r 1               	.export		_main
000000r 1               
000000r 1               .segment	"RODATA"
000000r 1               
000000r 1               S0002:
000000r 1  63 63 36 35  	.byte	$63,$63,$36,$35,$20,$6F,$6E,$20,$41,$43,$36,$35,$30,$32,$2C,$20
000004r 1  20 6F 6E 20  
000008r 1  41 43 36 35  
000010r 1  42 49 4F 53  	.byte	$42,$49,$4F,$53,$20,$76,$25,$75,$2E,$25,$75,$0A,$00
000014r 1  20 76 25 75  
000018r 1  2E 25 75 0A  
00001Dr 1               S0001:
00001Dr 1  48 65 6C 6C  	.byte	$48,$65,$6C,$6C,$6F,$20,$66,$72,$6F,$6D,$20,$43,$61,$72,$74,$72
000021r 1  6F 20 66 72  
000025r 1  6F 6D 20 43  
00002Dr 1  69 64 67 65  	.byte	$69,$64,$67,$65,$21,$00
000031r 1  21 00        
000033r 1               
000033r 1               ; ---------------------------------------------------------------
000033r 1               ; int __near__ main (void)
000033r 1               ; ---------------------------------------------------------------
000033r 1               
000033r 1               .segment	"CODE"
000000r 1               
000000r 1               .proc	_main: near
000000r 1               
000000r 1               .segment	"CODE"
000000r 1               
000000r 1  20 rr rr     	jsr     _KernalVersion
000003r 1  20 rr rr     	jsr     pushax
000006r 1  20 rr rr     	jsr     _VideoClear
000009r 1  A9 31        	lda     #$31
00000Br 1  20 rr rr     	jsr     _VideoSetColor
00000Er 1  A9 rr        	lda     #<(S0001)
000010r 1  A2 rr        	ldx     #>(S0001)
000012r 1  20 rr rr     	jsr     _PrintStr
000015r 1  20 rr rr     	jsr     _PrintCRLF
000018r 1  A9 rr        	lda     #<(S0002)
00001Ar 1  A2 rr        	ldx     #>(S0002)
00001Cr 1  20 rr rr     	jsr     pushax
00001Fr 1  A0 02        	ldy     #$02
000021r 1  B1 rr        	lda     (c_sp),y
000023r 1  20 rr rr     	jsr     pusha0
000026r 1  A0 05        	ldy     #$05
000028r 1  B1 rr        	lda     (c_sp),y
00002Ar 1  20 rr rr     	jsr     pusha0
00002Dr 1  A0 06        	ldy     #$06
00002Fr 1  20 rr rr     	jsr     _printf
000032r 1  A2 00        	ldx     #$00
000034r 1  8A           	txa
000035r 1  60           	rts
000036r 1               
000036r 1               .endproc
000036r 1               
000036r 1               
